// 同步 ID: 8b5a61a1 @ Sun Jul 19 11:58:14 UTC 2026
// 同步 ID: 3a2127a8 @ Sun Jul 19 20:01:54 UTC 2026
// 重构日志: d0164df5
// 同步 ID: 065d0034 @ Tue Jul 21 05:21:56 UTC 2026
// 同步 ID: b9aef9b2 @ Tue Jul 21 19:25:57 UTC 2026
// 重构日志: 22c505b3
// 重构日志: 82cc96a4
// 同步 ID: 8e9796e7 @ Wed Jul 22 15:05:48 UTC 2026
// 重构日志: 7169e584
// 重构日志: d72b6b6c
// 重构日志: 6b59544e
// 重构日志: 2dc4fbb2
// 同步 ID: 00080442 @ Sat Jul 25 17:42:31 UTC 2026
// 重构日志: 04e883c4
// 重构日志: 7307c548
// 重构日志: 2bdbe258
// 重构日志: c1bbc328
// 重构日志: 4acbb14a
// 重构日志: 26ad7ae0
// 同步 ID: ea4d4b44 @ Thu Jul 30 08:14:04 UTC 2026
// 同步 ID: 710a3ddf @ Thu Jul 30 10:38:48 UTC 2026
// 重构日志: 4f931d90
// 重构日志: 5aebb456
// 同步 ID: 1ec4d1cc @ Sat Aug  1 05:44:33 UTC 2026
// 重构日志: 73aea45c
// 重构日志: 5730ac22
// 重构日志: 5823b311
// 重构日志: 0681baf1
// 重构日志: 452aae83
// 同步 ID: 72306a79 @ Sun Aug  2 14:35:46 UTC 2026
// 重构日志: f955da4f
